// Jest Snapshot v1, https://goo.gl/fbAQLP

exports[`LoadAssessmentButton should render per the snapshot 1`] = `
<DocumentFragment>
  <mock-insightscommandbutton
    data-automation-id="load-assessment-button"
    iconprops="[object Object]"
    text="Load assessment"
  />
</DocumentFragment>
`;

exports[`LoadAssessmentButton should render per the snapshot: InsightsCommandButton props 1`] = `
{
  "data-automation-id": "load-assessment-button",
  "iconProps": {
    "iconName": "FolderOpenRegular",
  },
  "onClick": [Function],
  "text": "Load assessment",
}
`;
