// Jest Snapshot v1, https://goo.gl/fbAQLP

exports[`ReportExportButton renders ReportExportButton 1`] = `
<DocumentFragment>
  <mock-insightscommandbutton
    componentref="[object Object]"
    data-automation-id="report-export-button"
    iconprops="[object Object]"
    text="Export Result"
  />
</DocumentFragment>
`;

exports[`ReportExportButton renders ReportExportButton: InsightsCommandButton props 1`] = `
{
  "componentRef": {},
  "data-automation-id": "report-export-button",
  "iconProps": {
    "iconName": "ArrowExportRegular",
  },
  "onClick": [MockFunction],
  "text": "Export Result",
}
`;
