// Jest Snapshot v1, https://goo.gl/fbAQLP

exports[`TransferToAssessmentButton getTransferToAssessmentButton 1`] = `
<TransferToAssessmentButton
  deps={
    {
      "dataTransferViewController": [typemoq mock object],
    }
  }
/>
`;

exports[`TransferToAssessmentButton render 1`] = `
<DocumentFragment>
  <mock-insightscommandbutton
    data-automation-id="transfer-to-assessment-button"
    iconprops="[object Object]"
    text="Move to assessment"
  />
</DocumentFragment>
`;

exports[`TransferToAssessmentButton render: InsightsCommandButton props 1`] = `
{
  "componentRef": undefined,
  "data-automation-id": "transfer-to-assessment-button",
  "iconProps": {
    "iconName": "FolderArrowRightRegular",
  },
  "onClick": [Function],
  "text": "Move to assessment",
}
`;
